---
source: crates/markdown/src/engines/pulldown.rs
expression: out
---

# Heading One


## Heading Two


### Heading Three

A regular paragraph with bold text, italic text, and `inline code`.

Another paragraph with nested bold and italic content.

A final paragraph to verify blank-line spacing between blocks.
